// Jest Snapshot v1, https://goo.gl/fbAQLP

exports[`when rendering should render a component matching the snapshot 1`] = `
<ImageBackground
  resizeMode="cover"
  source={
    {
      "testUri": "../../../src/assets/background/abstract.png",
    }
  }
  style={
    {
      "backgroundColor": "black",
      "flex": 1,
      "width": "100%",
    }
  }
>
  <KeyboardAvoidingView
    behavior="padding"
    style={
      {
        "alignItems": "center",
        "alignSelf": "center",
        "flex": 1,
        "justifyContent": "center",
        "padding": 16,
        "width": "100%",
      }
    }
  >
    <View>
      <Text>
        Test Text
      </Text>
    </View>
  </KeyboardAvoidingView>
</ImageBackground>
`;
