// Jest Snapshot v1, https://goo.gl/fbAQLP

exports[`when rendering should render a component matching the snapshot 1`] = `
<View
  style={
    [
      {
        "backgroundColor": "#141E30",
        "flex": 1,
      },
      {
        "paddingHorizontal": 16,
      },
    ]
  }
/>
`;
