// Jest Snapshot v1, https://goo.gl/fbAQLP

exports[`when rendering should render a component matching the snapshot 1`] = `
<StatusBar
  backgroundColor="blue"
  barStyle="dark-content"
  translucent={true}
/>
`;
