// Jest Snapshot v1, https://goo.gl/fbAQLP

exports[`when rendering should render a component matching the snapshot 1`] = `
<Fragment>
  <SkeletonTemplate />
  <SkeletonTemplate />
  <SkeletonTemplate />
  <SkeletonTemplate />
  <SkeletonTemplate />
</Fragment>
`;
